 DBCSR| CPU Multiplication driver                                           XSMM
  **** **** ******  **  PROGRAM STARTED AT               2022-01-04 08:28:06.815

 *******************************************************************************
 ***                     STARTING GEOMETRY OPTIMIZATION                      ***
 ***                                   BFGS                                  ***
 *******************************************************************************

 Number of electrons:                                                          2
 Number of occupied orbitals:                                                  1
 Number of molecular orbitals:                                                 1

 Number of orbital functions:                                                 10
 Number of independent orbital functions:                                     10

 Extrapolation method: initial_guess


 SCF WAVEFUNCTION OPTIMIZATION

  Step     Update method      Time    Convergence         Total energy    Change
  ------------------------------------------------------------------------------
     1 P_Mix/Diag. 0.40E+00    0.0     0.58131095        -0.8981598355 -8.98E-01
     2 P_Mix/Diag. 0.40E+00    0.0     0.34923638        -1.0032835431 -1.05E-01
     3 P_Mix/Diag. 0.40E+00    0.0     0.20976519        -1.0663496478 -6.31E-02
     4 P_Mix/Diag. 0.40E+00    0.0     0.12596517        -1.1041905509 -3.78E-02
     5 P_Mix/Diag. 0.40E+00    0.0     0.07562951        -1.1268968171 -2.27E-02
     6 DIIS/Diag.  0.53E-03    0.0     0.04542519        -1.1405215468 -1.36E-02
     7 DIIS/Diag.  0.48E-04    0.0     0.00001007        -1.1609605153 -2.04E-02
     8 DIIS/Diag.  0.76E-04    0.0     0.00000860        -1.1609605150  2.94E-10

  *** SCF run converged in     8 steps ***


  Electronic density on regular grids:         -1.9999999991        0.0000000009
  Core density on regular grids:                1.9999999865       -0.0000000135
  Total charge density on r-space grids:       -0.0000000126
  Total charge density g-space grids:          -0.0000000126

  Overlap energy of the core charge distribution:               0.00000060512959
  Self energy of the core charge distribution:                 -2.82094791773878
  Core Hamiltonian energy:                                      1.07883183764649
  Hartree energy:                                               1.30392537667707
  Exchange-correlation energy:                                 -0.72277041674596

  Total energy:                                                -1.16096051503160

 ENERGY| Total FORCE_EVAL ( QS ) energy [a.u.]:               -1.160960515442514

 --------  Informations at step =     0 ------------
  Optimization Method        =                 BFGS
  Total Energy               =        -1.1609605154
  Used time                  =                0.345
 ---------------------------------------------------

 --------------------------
 OPTIMIZATION STEP:      1
 --------------------------

 Number of electrons:                                                          2
 Number of occupied orbitals:                                                  1
 Number of molecular orbitals:                                                 1

 Number of orbital functions:                                                 10
 Number of independent orbital functions:                                     10

 Extrapolation method: PS Nth order
 Extrapolation order:  0


 SCF WAVEFUNCTION OPTIMIZATION

  Step     Update method      Time    Convergence         Total energy    Change
  ------------------------------------------------------------------------------
     1 P_Mix/Diag. 0.40E+00    0.0     0.00061766        -1.1611751800 -1.16E+00
     2 P_Mix/Diag. 0.40E+00    0.0     0.00038032        -1.1611771341 -1.95E-06
     3 DIIS/Diag.  0.68E-04    0.0     0.00024387        -1.1611783375 -1.20E-06
     4 DIIS/Diag.  0.45E-06    0.0     0.00000025        -1.1611801901 -1.85E-06

  *** SCF run converged in     4 steps ***


  Electronic density on regular grids:         -1.9999999981        0.0000000019
  Core density on regular grids:                1.9999999854       -0.0000000146
  Total charge density on r-space grids:       -0.0000000127
  Total charge density g-space grids:          -0.0000000127

  Overlap energy of the core charge distribution:               0.00000117383618
  Self energy of the core charge distribution:                 -2.82094791773878
  Core Hamiltonian energy:                                      1.08370607680208
  Hartree energy:                                               1.30183472840209
  Exchange-correlation energy:                                 -0.72577425139609

  Total energy:                                                -1.16118019009451

 ENERGY| Total FORCE_EVAL ( QS ) energy [a.u.]:               -1.161180190094638

 --------  Informations at step =     1 ------------
  Optimization Method        =                 BFGS
  Total Energy               =        -1.1611801901
  Real energy change         =        -0.0002196747
  Predicted change in energy =        -0.0002539146
  Scaling factor             =         0.0000000000
  Step size                  =         0.0178180522
  Trust radius               =         0.4724315332
  Decrease in energy         =                  YES
  Used time                  =                0.184

  Convergence check :
  Max. step size             =         0.0178180522
  Conv. limit for step size  =         0.0030000000
  Convergence in step size   =                   NO
  RMS step size              =         0.0102872569
  Conv. limit for RMS step   =         0.0015000000
  Convergence in RMS step    =                   NO
  Max. gradient              =         0.0022539257
  Conv. limit for gradients  =         0.0004500000
  Conv. for gradients        =                   NO
  RMS gradient               =         0.0013013046
  Conv. limit for RMS grad.  =         0.0003000000
  Conv. for gradients        =                   NO
 ---------------------------------------------------

 --------------------------
 OPTIMIZATION STEP:      2
 --------------------------

 Number of electrons:                                                          2
 Number of occupied orbitals:                                                  1
 Number of molecular orbitals:                                                 1

 Number of orbital functions:                                                 10
 Number of independent orbital functions:                                     10

 Extrapolation method: PS Nth order
 Extrapolation order:  1


 SCF WAVEFUNCTION OPTIMIZATION

  Step     Update method      Time    Convergence         Total energy    Change
  ------------------------------------------------------------------------------
     1 P_Mix/Diag. 0.40E+00    0.0     0.00070394        -1.1611788549 -1.16E+00
     2 P_Mix/Diag. 0.40E+00    0.0     0.00043348        -1.1611813967 -2.54E-06
     3 DIIS/Diag.  0.78E-04    0.0     0.00027802        -1.1611829621 -1.57E-06
     4 DIIS/Diag.  0.54E-06    0.0     0.00000032        -1.1611853721 -2.41E-06

  *** SCF run converged in     4 steps ***


  Electronic density on regular grids:         -1.9999999982        0.0000000018
  Core density on regular grids:                1.9999999871       -0.0000000129
  Total charge density on r-space grids:       -0.0000000111
  Total charge density g-space grids:          -0.0000000111

  Overlap energy of the core charge distribution:               0.00000107320985
  Self energy of the core charge distribution:                 -2.82094791773878
  Core Hamiltonian energy:                                      1.08302261802369
  Hartree energy:                                               1.30210002419302
  Exchange-correlation energy:                                 -0.72536116976372

  Total energy:                                                -1.16118537207594

 ENERGY| Total FORCE_EVAL ( QS ) energy [a.u.]:               -1.161185372076127

 --------  Informations at step =     2 ------------
  Optimization Method        =                 BFGS
  Total Energy               =        -1.1611853721
  Real energy change         =        -0.0000051820
  Predicted change in energy =        -0.0000054846
  Scaling factor             =         0.0000000000
  Step size                  =         0.0024333339
  Trust radius               =         0.4724315332
  Decrease in energy         =                  YES
  Used time                  =                0.290

  Convergence check :
  Max. step size             =         0.0024333339
  Conv. limit for step size  =         0.0030000000
  Convergence in step size   =                  YES
  RMS step size              =         0.0014048858
  Conv. limit for RMS step   =         0.0015000000
  Convergence in RMS step    =                  YES
  Max. gradient              =         0.0001178849
  Conv. limit for gradients  =         0.0004500000
  Conv. in gradients         =                  YES
  RMS gradient               =         0.0000680609
  Conv. limit for RMS grad.  =         0.0003000000
  Conv. in RMS gradients     =                  YES
 ---------------------------------------------------

 *******************************************************************************
 ***                    GEOMETRY OPTIMIZATION COMPLETED                      ***
 *******************************************************************************

                    Reevaluating energy at the minimum

 Number of electrons:                                                          2
 Number of occupied orbitals:                                                  1
 Number of molecular orbitals:                                                 1

 Number of orbital functions:                                                 10
 Number of independent orbital functions:                                     10

 Extrapolation method: PS Nth order
 Extrapolation order:  2


 SCF WAVEFUNCTION OPTIMIZATION

  Step     Update method      Time    Convergence         Total energy    Change
  ------------------------------------------------------------------------------
     1 P_Mix/Diag. 0.40E+00    0.0     0.00079045        -1.1611771582 -1.16E+00
     2 P_Mix/Diag. 0.40E+00    0.0     0.00048678        -1.1611803615 -3.20E-06
     3 DIIS/Diag.  0.88E-04    0.0     0.00031222        -1.1611823345 -1.97E-06
     4 DIIS/Diag.  0.53E-06    0.0     0.00000030        -1.1611853721 -3.04E-06

  *** SCF run converged in     4 steps ***


  Electronic density on regular grids:         -1.9999999982        0.0000000018
  Core density on regular grids:                1.9999999871       -0.0000000129
  Total charge density on r-space grids:       -0.0000000111
  Total charge density g-space grids:          -0.0000000111

  Overlap energy of the core charge distribution:               0.00000107320985
  Self energy of the core charge distribution:                 -2.82094791773878
  Core Hamiltonian energy:                                      1.08302280613915
  Hartree energy:                                               1.30209993233474
  Exchange-correlation energy:                                 -0.72536126602091

  Total energy:                                                -1.16118537207595

 ENERGY| Total FORCE_EVAL ( QS ) energy [a.u.]:               -1.161185372075949
